{
  "version": "1.5.0",
  "plugins_used": [
    {
      "name": "ArtifactoryDetector"
    },
    {
      "name": "AWSKeyDetector"
    },
    {
      "name": "AzureStorageKeyDetector"
    },
    {
      "name": "Base64HighEntropyString",
      "limit": 4.5
    },
    {
      "name": "BasicAuthDetector"
    },
    {
      "name": "BroadKeywordDetector",
      "path": "file://website/detect_secrets_plugins/keywords.py"
    },
    {
      "name": "CloudantDetector"
    },
    {
      "name": "DiscordBotTokenDetector"
    },
    {
      "name": "GitHubTokenDetector"
    },
    {
      "name": "GitLabTokenDetector"
    },
    {
      "name": "HexHighEntropyString",
      "limit": 3.0
    },
    {
      "name": "IbmCloudIamDetector"
    },
    {
      "name": "IbmCosHmacDetector"
    },
    {
      "name": "IPPublicDetector"
    },
    {
      "name": "JwtTokenDetector"
    },
    {
      "name": "KeywordDetector",
      "keyword_exclude": ""
    },
    {
      "name": "MailchimpDetector"
    },
    {
      "name": "NpmDetector"
    },
    {
      "name": "OpenAIDetector"
    },
    {
      "name": "PrivateKeyDetector"
    },
    {
      "name": "PypiTokenDetector"
    },
    {
      "name": "SendGridDetector"
    },
    {
      "name": "SlackDetector"
    },
    {
      "name": "SoftlayerDetector"
    },
    {
      "name": "SquareOAuthDetector"
    },
    {
      "name": "StripeDetector"
    },
    {
      "name": "TelegramBotTokenDetector"
    },
    {
      "name": "TwilioKeyDetector"
    },
    {
      "name": "WagtailTransferSecretKeyDetector",
      "path": "file://website/detect_secrets_plugins/wagtail_transfer.py"
    }
  ],
  "filters_used": [
    {
      "path": "detect_secrets.filters.allowlist.is_line_allowlisted"
    },
    {
      "path": "detect_secrets.filters.common.is_ignored_due_to_verification_policies",
      "min_level": 2
    },
    {
      "path": "detect_secrets.filters.heuristic.is_indirect_reference"
    },
    {
      "path": "detect_secrets.filters.heuristic.is_likely_id_string"
    },
    {
      "path": "detect_secrets.filters.heuristic.is_lock_file"
    },
    {
      "path": "detect_secrets.filters.heuristic.is_not_alphanumeric_string"
    },
    {
      "path": "detect_secrets.filters.heuristic.is_potential_uuid"
    },
    {
      "path": "detect_secrets.filters.heuristic.is_prefixed_with_dollar_sign"
    },
    {
      "path": "detect_secrets.filters.heuristic.is_sequential_string"
    },
    {
      "path": "detect_secrets.filters.heuristic.is_swagger_file"
    },
    {
      "path": "detect_secrets.filters.heuristic.is_templated_secret"
    }
  ],
  "results": {
    ".github/workflows/merge-to-qa.yml": [
      {
        "type": "Secret Keyword",
        "filename": ".github/workflows/merge-to-qa.yml",
        "hashed_secret": "3e26d6750975d678acb8fa35a0f69237881576b0",
        "is_verified": false,
        "line_number": 185
      }
    ],
    "Makefile": [
      {
        "type": "Secret Keyword",
        "filename": "Makefile",
        "hashed_secret": "e08f697ba41144a4f97fb4fd0cac85688a10a1f3",
        "is_verified": false,
        "line_number": 41
      },
      {
        "type": "Secret Keyword",
        "filename": "Makefile",
        "hashed_secret": "a3bc4b3fd582fe7bf4d21eda48d93572aa8d26fe",
        "is_verified": false,
        "line_number": 45
      }
    ],
    "README.md": [
      {
        "type": "Secret Keyword",
        "filename": "README.md",
        "hashed_secret": "bdd6cd5aa4a5ed97f603fc7e75ee23dcbe916458",
        "is_verified": false,
        "line_number": 197
      }
    ],
    "docs/support/RDS-restore-steps.md": [
      {
        "type": "Secret Keyword",
        "filename": "docs/support/RDS-restore-steps.md",
        "hashed_secret": "d4b0998647eb7796aa8874d2dfac9090c7b029f0",
        "is_verified": false,
        "line_number": 13
      }
    ],
    "infra/init.sh": [
      {
        "type": "Broad Secret Keyword",
        "filename": "infra/init.sh",
        "hashed_secret": "227b4671917a313ad00aa14b4e57236db9500e7c",
        "is_verified": false,
        "line_number": 10
      }
    ],
    "website/Makefile": [
      {
        "type": "Secret Keyword",
        "filename": "website/Makefile",
        "hashed_secret": "bdd6cd5aa4a5ed97f603fc7e75ee23dcbe916458",
        "is_verified": false,
        "line_number": 115
      }
    ],
    "website/app/role_switcher/views.py": [
      {
        "type": "Broad Secret Keyword",
        "filename": "website/app/role_switcher/views.py",
        "hashed_secret": "98953685451115ed2ecb404cf54c510c00d08fd6",
        "is_verified": false,
        "line_number": 12
      },
      {
        "type": "Broad Secret Keyword",
        "filename": "website/app/role_switcher/views.py",
        "hashed_secret": "8a185246afba26d78bd90891643e564daf81a3ca",
        "is_verified": false,
        "line_number": 13
      },
      {
        "type": "Broad Secret Keyword",
        "filename": "website/app/role_switcher/views.py",
        "hashed_secret": "481edf262ae967f582170493b6f86d6cf3a4e8d9",
        "is_verified": false,
        "line_number": 14
      },
      {
        "type": "Broad Secret Keyword",
        "filename": "website/app/role_switcher/views.py",
        "hashed_secret": "8c3400d72f812b0630cce0df06d7bfa277025864",
        "is_verified": false,
        "line_number": 15
      },
      {
        "type": "Broad Secret Keyword",
        "filename": "website/app/role_switcher/views.py",
        "hashed_secret": "536e1a3c7f7934df31f1820da66fcceda0ae33b2",
        "is_verified": false,
        "line_number": 16
      }
    ],
    "website/app/settings/local.py": [
      {
        "type": "Broad Secret Keyword",
        "filename": "website/app/settings/local.py",
        "hashed_secret": "95b1e880de557f912be05e2661583551c2dc4827",
        "is_verified": false,
        "line_number": 13
      },
      {
        "type": "Secret Keyword",
        "filename": "website/app/settings/local.py",
        "hashed_secret": "95b1e880de557f912be05e2661583551c2dc4827",
        "is_verified": false,
        "line_number": 13
      }
    ],
    "website/app/settings/test.py": [
      {
        "type": "Broad Secret Keyword",
        "filename": "website/app/settings/test.py",
        "hashed_secret": "a137f468047c4de8112b4675a99c599d9a03ff61",
        "is_verified": false,
        "line_number": 12
      },
      {
        "type": "Secret Keyword",
        "filename": "website/app/settings/test.py",
        "hashed_secret": "a137f468047c4de8112b4675a99c599d9a03ff61",
        "is_verified": false,
        "line_number": 12
      }
    ],
    "website/home/management/commands/preregister_superusers.py": [
      {
        "type": "Broad Secret Keyword",
        "filename": "website/home/management/commands/preregister_superusers.py",
        "hashed_secret": "e8d251db3954052457c1f1a89cd1a5e36979221a",
        "is_verified": false,
        "line_number": 9
      },
      {
        "type": "Secret Keyword",
        "filename": "website/home/management/commands/preregister_superusers.py",
        "hashed_secret": "e8d251db3954052457c1f1a89cd1a5e36979221a",
        "is_verified": false,
        "line_number": 9
      }
    ],
    "website/home/management/commands/preregister_users.py": [
      {
        "type": "Broad Secret Keyword",
        "filename": "website/home/management/commands/preregister_users.py",
        "hashed_secret": "e8ffb34b535c939cf6debd1fbe0dea774b02898c",
        "is_verified": false,
        "line_number": 10
      },
      {
        "type": "Secret Keyword",
        "filename": "website/home/management/commands/preregister_users.py",
        "hashed_secret": "e8ffb34b535c939cf6debd1fbe0dea774b02898c",
        "is_verified": false,
        "line_number": 10
      }
    ],
    "website/home/wagtail_hooks.py": [
      {
        "type": "Broad Secret Keyword",
        "filename": "website/home/wagtail_hooks.py",
        "hashed_secret": "8c3400d72f812b0630cce0df06d7bfa277025864",
        "is_verified": false,
        "line_number": 45
      },
      {
        "type": "Broad Secret Keyword",
        "filename": "website/home/wagtail_hooks.py",
        "hashed_secret": "8a185246afba26d78bd90891643e564daf81a3ca",
        "is_verified": false,
        "line_number": 46
      }
    ],
    "website/scripts/cypress/run_against_aws.sh": [
      {
        "type": "Secret Keyword",
        "filename": "website/scripts/cypress/run_against_aws.sh",
        "hashed_secret": "6eef6648406c333a4035cd5e60d0bf2ecf2606d7",
        "is_verified": false,
        "line_number": 128
      }
    ],
    "website/tests/app/test_context_processors.py": [
      {
        "type": "Hex High Entropy String",
        "filename": "website/tests/app/test_context_processors.py",
        "hashed_secret": "e4f91dd323bac5bfc4f60a6e433787671dc2421d",
        "is_verified": false,
        "line_number": 16
      }
    ],
    "website/tests/app/test_role_switcher_signals.py": [
      {
        "type": "Secret Keyword",
        "filename": "website/tests/app/test_role_switcher_signals.py",
        "hashed_secret": "1a91d62f7ca67399625a4368a6ab5d4a3baa6073",
        "is_verified": false,
        "line_number": 21
      }
    ],
    "website/tests/app/test_role_switcher_views.py": [
      {
        "type": "Secret Keyword",
        "filename": "website/tests/app/test_role_switcher_views.py",
        "hashed_secret": "9d4e1e23bd5b727046a9e3b4b7db57bd8d6ee684",
        "is_verified": false,
        "line_number": 43
      }
    ],
    "website/tests/conftest.py": [
      {
        "type": "Secret Keyword",
        "filename": "website/tests/conftest.py",
        "hashed_secret": "1c58bd92003bbaa0538e249fff6ee19a270dec5f",
        "is_verified": false,
        "line_number": 17
      }
    ],
    "website/tests/home/management/commands/test_preregister_superusers.py": [
      {
        "type": "Secret Keyword",
        "filename": "website/tests/home/management/commands/test_preregister_superusers.py",
        "hashed_secret": "1a91d62f7ca67399625a4368a6ab5d4a3baa6073",
        "is_verified": false,
        "line_number": 106
      }
    ],
    "website/tests/home/management/commands/test_preregister_users.py": [
      {
        "type": "Secret Keyword",
        "filename": "website/tests/home/management/commands/test_preregister_users.py",
        "hashed_secret": "5baa61e4c9b93f3f0682250b6cf8331b7ee68fd8",
        "is_verified": false,
        "line_number": 108
      }
    ],
    "website/tests/home/management/commands/test_production_checks.py": [
      {
        "type": "Broad Secret Keyword",
        "filename": "website/tests/home/management/commands/test_production_checks.py",
        "hashed_secret": "937fb84fa2cbbbc949a2086c940398731a783977",
        "is_verified": false,
        "line_number": 14
      },
      {
        "type": "Secret Keyword",
        "filename": "website/tests/home/management/commands/test_production_checks.py",
        "hashed_secret": "937fb84fa2cbbbc949a2086c940398731a783977",
        "is_verified": false,
        "line_number": 14
      },
      {
        "type": "Secret Keyword",
        "filename": "website/tests/home/management/commands/test_production_checks.py",
        "hashed_secret": "1a91d62f7ca67399625a4368a6ab5d4a3baa6073",
        "is_verified": false,
        "line_number": 22
      }
    ],
    "website/tests/home/management/commands/test_reset_admin_password.py": [
      {
        "type": "Secret Keyword",
        "filename": "website/tests/home/management/commands/test_reset_admin_password.py",
        "hashed_secret": "23ace7331ef30c45051de4e683719db7391b9980",
        "is_verified": false,
        "line_number": 13
      },
      {
        "type": "Secret Keyword",
        "filename": "website/tests/home/management/commands/test_reset_admin_password.py",
        "hashed_secret": "a8af4759392d4f7496d613174f33afe2074a4b8d",
        "is_verified": false,
        "line_number": 16
      },
      {
        "type": "Secret Keyword",
        "filename": "website/tests/home/management/commands/test_reset_admin_password.py",
        "hashed_secret": "c00dbbc9dadfbe1e232e93a729dd4752fade0abf",
        "is_verified": false,
        "line_number": 27
      },
      {
        "type": "Secret Keyword",
        "filename": "website/tests/home/management/commands/test_reset_admin_password.py",
        "hashed_secret": "206c80413b9a96c1312cc346b7d2517b84463edd",
        "is_verified": false,
        "line_number": 30
      }
    ],
    "website/tests/home/models/snippets/test_snippet_admin_integration.py": [
      {
        "type": "Secret Keyword",
        "filename": "website/tests/home/models/snippets/test_snippet_admin_integration.py",
        "hashed_secret": "1c58bd92003bbaa0538e249fff6ee19a270dec5f",
        "is_verified": false,
        "line_number": 22
      }
    ],
    "website/tests/home/models/snippets/test_snippet_moderation.py": [
      {
        "type": "Secret Keyword",
        "filename": "website/tests/home/models/snippets/test_snippet_moderation.py",
        "hashed_secret": "1c58bd92003bbaa0538e249fff6ee19a270dec5f",
        "is_verified": false,
        "line_number": 26
      }
    ],
    "website/tests/home/models/snippets/test_snippet_moderation_core.py": [
      {
        "type": "Secret Keyword",
        "filename": "website/tests/home/models/snippets/test_snippet_moderation_core.py",
        "hashed_secret": "1c58bd92003bbaa0538e249fff6ee19a270dec5f",
        "is_verified": false,
        "line_number": 22
      }
    ],
    "website/tests/home/models/snippets/test_snippet_workflow_scenarios.py": [
      {
        "type": "Secret Keyword",
        "filename": "website/tests/home/models/snippets/test_snippet_workflow_scenarios.py",
        "hashed_secret": "1c58bd92003bbaa0538e249fff6ee19a270dec5f",
        "is_verified": false,
        "line_number": 22
      }
    ],
    "website/tests/home/models/snippets/test_snippet_workflow_states.py": [
      {
        "type": "Secret Keyword",
        "filename": "website/tests/home/models/snippets/test_snippet_workflow_states.py",
        "hashed_secret": "7288edd0fc3ffcbe93a0cf06e3568e28521687bc",
        "is_verified": false,
        "line_number": 317
      }
    ],
    "website/tests/home/models/test_judge_index.py": [
      {
        "type": "Secret Keyword",
        "filename": "website/tests/home/models/test_judge_index.py",
        "hashed_secret": "1a91d62f7ca67399625a4368a6ab5d4a3baa6073",
        "is_verified": false,
        "line_number": 633
      }
    ],
    "website/tests/home/utils/test_secrets.py": [
      {
        "type": "Secret Keyword",
        "filename": "website/tests/home/utils/test_secrets.py",
        "hashed_secret": "dc724af18fbdd4e59189f5fe768a5f8311527050",
        "is_verified": false,
        "line_number": 128
      },
      {
        "type": "Secret Keyword",
        "filename": "website/tests/home/utils/test_secrets.py",
        "hashed_secret": "d4b0998647eb7796aa8874d2dfac9090c7b029f0",
        "is_verified": false,
        "line_number": 150
      },
      {
        "type": "Secret Keyword",
        "filename": "website/tests/home/utils/test_secrets.py",
        "hashed_secret": "99d76f4efcd6f1249e5ba6b662e0a131f9c07fd6",
        "is_verified": false,
        "line_number": 154
      }
    ]
  },
  "generated_at": "2026-07-15T15:45:09Z"
}
